// Jest Snapshot v1, https://goo.gl/fbAQLP

exports[`SidebarComponent should contain menu items 1`] = `
SidebarComponent {
  "localesList": Array [
    Object {
      "label": "test",
      "location": "test",
    },
  ],
  "menuItems": Array [
    Object {
      "name": "test",
      "path": "test",
    },
  ],
  "title": "test",
}
`;
